============================================================
  Generated by:           Genus(TM) Synthesis Solution 21.14-s082_1
  Generated on:           May 12 2026  06:12:52 am
  Module:                 ALU
  Operating conditions:   PVT_0P9V_125C (balanced_tree)
  Wireload mode:          enclosed
  Area mode:              timing library
============================================================


Path 1: MET (0 ps) Setup Check with Pin zero_reg_reg/CK->D
          Group: clk
     Startpoint: (R) B_reg_reg[12]/CK
          Clock: (R) clk
       Endpoint: (R) zero_reg_reg/D
          Clock: (R) clk

                     Capture       Launch     
        Clock Edge:+    5500            0     
       Src Latency:+       0            0     
       Net Latency:+       0 (I)        0 (I) 
           Arrival:=    5500            0     
                                              
             Setup:-     129                  
     Required Time:=    5371                  
      Launch Clock:-       0                  
         Data Path:-    5371                  
             Slack:=       0                  

#----------------------------------------------------------------------------------------------
#    Timing Point      Flags    Arc   Edge   Cell     Fanout Load Trans Delay Arrival Instance 
#                                                            (fF)  (ps)  (ps)   (ps)  Location 
#----------------------------------------------------------------------------------------------
  B_reg_reg[12]/CK     -       -      R     (arrival)     57    -     0     0       0    (-,-) 
  B_reg_reg[12]/Q      -       CK->Q  F     DFFX4         19  6.4    60   256     256    (-,-) 
  g1162/Y              -       A->Y   R     NOR2X4         4  2.4    59    72     327    (-,-) 
  g63042/Y             -       A->Y   F     NAND2X4        3  1.7    64    80     407    (-,-) 
  g63524/Y             -       B->Y   R     NOR3BX2        1  0.5    70    97     504    (-,-) 
  div_113_131_g60825/Y -       A->Y   R     CLKAND2X3      1  1.6    28   120     624    (-,-) 
  g62969/Y             -       B->Y   F     NOR2X4         4  2.7    42    36     660    (-,-) 
  g62967/Y             -       A1->Y  R     OAI21X2        1  0.8    58    64     724    (-,-) 
  g210/Y               -       B->Y   F     NAND2X2        1  1.4    77    80     804    (-,-) 
  g200/Y               -       B->Y   R     NAND2X4        6  3.2    40    56     860    (-,-) 
  div_113_131_g60613/Y -       B->Y   F     NAND2X2        2  0.6    54    58     918    (-,-) 
  fopt61881/Y          -       A->Y   R     INVX1          2  1.2    41    52     971    (-,-) 
  div_113_131_g60601/Y -       B->Y   F     NAND2X2        3  0.8    59    62    1033    (-,-) 
  div_113_131_g60575/Y -       B->Y   R     NAND2BX1       2  0.6    35    52    1084    (-,-) 
  div_113_131_g60533/Y -       AN->Y  R     NOR2BX2        2  2.0    73   131    1215    (-,-) 
  div_113_131_g60505/Y -       B->Y   F     NOR2X1         1  1.4    60    74    1290    (-,-) 
  div_113_131_g60498/Y -       C->Y   R     NOR3X4         3  1.2    70    70    1360    (-,-) 
  div_113_131_g60472/Y -       A->Y   F     NAND2X2        2  0.9    65    88    1447    (-,-) 
  div_113_131_g62408/Y -       A->Y   R     INVX2          2  1.8    35    52    1499    (-,-) 
  g28/Y                -       B->Y   F     NOR2X4         8  2.7    40    39    1538    (-,-) 
  div_113_131_g62409/Y -       A->Y   R     INVXL          1  0.2    21    36    1575    (-,-) 
  div_113_131_g60424/Y -       A1N->Y R     AOI2BB1X1      1  0.8    64    89    1664    (-,-) 
  div_113_131_g62231/Y -       B->Y   F     NAND2X2        6  2.0    94    92    1756    (-,-) 
  div_113_131_g60363/Y -       A1->Y  R     OAI21X2        2  1.2    74    95    1850    (-,-) 
  div_113_131_g62181/Y -       A->Y   F     NAND2X2        1  1.4    76    97    1947    (-,-) 
  div_113_131_g62178/Y -       B0->Y  R     AOI21X4        3  2.6    64    77    2024    (-,-) 
  div_113_131_g62183/Y -       B->Y   F     NOR2X4         1  1.4    38    49    2073    (-,-) 
  div_113_131_g60280/Y -       B->Y   R     NOR2X4         1  1.6    44    46    2120    (-,-) 
  div_113_131_g62425/Y -       B->Y   F     NAND2X4        5  1.9    66    65    2185    (-,-) 
  div_113_131_g60240/Y -       B->Y   R     NOR2BXL        1  0.8    90    92    2277    (-,-) 
  div_113_131_g60230/Y -       A->Y   F     NOR2X2         1  1.4    50    78    2355    (-,-) 
  div_113_131_g60198/Y -       B->Y   R     NAND2X4        4  2.8    40    43    2397    (-,-) 
  fopt61609/Y          -       A->Y   F     INVX1          1  0.3    23    38    2435    (-,-) 
  div_113_131_g60186/Y -       B->Y   R     NAND2X1        2  1.0    43    36    2470    (-,-) 
  div_113_131_g60116/Y -       A->Y   F     NAND2X2        3  1.1    68    76    2546    (-,-) 
  div_113_131_g60067/Y -       A->Y   R     NOR2X2         1  1.6    68    84    2630    (-,-) 
  div_113_131_g62286/Y -       A1->Y  F     AOI211X4       1  1.4    90   107    2737    (-,-) 
  div_113_131_g60023/Y -       B->Y   R     NOR2X4         2  3.2    67    80    2817    (-,-) 
  div_113_131_g60013/Y -       A->Y   F     NOR2X4        10  3.1    47    64    2880    (-,-) 
  div_113_131_g62596/Y -       B->Y   R     NOR2X1         2  1.2    81    76    2956    (-,-) 
  div_113_131_g59960/Y -       A1->Y  F     AOI21X2        5  1.5    94   112    3068    (-,-) 
  div_113_131_g59924/Y -       B->Y   R     NOR2X1         1  0.8    69    91    3160    (-,-) 
  div_113_131_g59861/Y -       B->Y   F     NAND2X2        1  0.7    60    75    3235    (-,-) 
  div_113_131_g59788/Y -       B->Y   R     NAND2X2        1  1.6    38    51    3286    (-,-) 
  g195/Y               -       A->Y   F     NOR2X4         4  2.0    36    45    3331    (-,-) 
  g185/Y               -       B->Y   R     NOR2X2         1  1.6    63    58    3389    (-,-) 
  g63346/Y             -       B->Y   F     NOR2X4         3  1.7    37    50    3439    (-,-) 
  div_113_131_g59735/Y -       A->Y   R     INVX2          2  2.0    33    39    3478    (-,-) 
  div_113_131_g59707/Y -       A1->Y  F     AOI21X4        1  1.1    66    71    3549    (-,-) 
  div_113_131_g62680/Y -       A->Y   F     CLKAND2X6     13  5.1    42   116    3665    (-,-) 
  g180/Y               -       A->Y   R     NAND2X2        1  0.8    29    41    3705    (-,-) 
  g63138/Y             -       A->Y   F     NAND2X2        1  1.4    74    73    3778    (-,-) 
  g42/Y                -       B0->Y  R     AOI21X4        9  3.6    74    82    3860    (-,-) 
  g63108/Y             -       A1->Y  F     AOI21X1        1  0.3    70    99    3960    (-,-) 
  g2260/Y              -       A->Y   R     INVX1          3  1.6    52    66    4026    (-,-) 
  g2259/Y              -       A->Y   F     INVX1          1  1.4    52    60    4086    (-,-) 
  g2254/Y              -       A0->Y  R     AOI21X4        1  1.6    50    75    4161    (-,-) 
  g63267/Y             -       A->Y   F     NAND2X4        1  1.4    58    73    4234    (-,-) 
  g142/Y               -       A->Y   R     NOR2X4         5  1.8    46    67    4301    (-,-) 
  g287/Y               -       B->Y   F     NOR2X1         2  0.8    44    50    4352    (-,-) 
  g63411/Y             -       B->Y   F     CLKAND2X3      7  2.6    40    97    4449    (-,-) 
  g63409/Y             -       B->Y   R     NAND2X1        2  0.6    45    40    4489    (-,-) 
  g63553/Y             -       AN->Y  R     NOR2BX1        1  0.4    58   100    4589    (-,-) 
  g63402/Y             -       A->Y   F     NAND2X1        3  1.0    94    99    4688    (-,-) 
  div_113_131_g59214/Y -       A->Y   R     INVX1          4  1.0    44    73    4761    (-,-) 
  g63582/Y             -       A1->Y  R     AO22XL         1  0.2    24   173    4934    (-,-) 
  g63509/Y             -       A->Y   R     OR2X1          2  1.2    38    86    5020    (-,-) 
  g536/Y               -       A0->Y  F     AOI21X2        1  0.7    71    85    5106    (-,-) 
  g535/Y               -       A1->Y  R     OAI21X2        2  0.8    62    78    5184    (-,-) 
  g731/Y               -       S0->Y  R     MXI2XL         1  0.2    64    90    5274    (-,-) 
  g730/Y               -       AN->Y  R     NOR2BXL        1  0.2    44    97    5371    (-,-) 
  zero_reg_reg/D       <<<     -      R     DFFQXL         1    -     -     0    5371    (-,-) 
#----------------------------------------------------------------------------------------------

